    Name  {{ .ProjectName }}
  Status  stopped
 Git URL  {{ .ProjectGitURL }}

